2026.06.09 14:03:57 INFO  Started: Metals version 1.6.7 in folders 'D:\Data_Engineer\ProjectHome\docker\kafka_docker' for client Visual Studio Code 1.123.0.
2026.06.09 14:03:58 INFO  time: initialize in 0.69s
2026.06.09 14:03:58 INFO  Memory monitor started
2026.06.09 14:04:01 WARN  Using H2 2.4.240 which is newer than the version Flyway has been verified with. The latest verified version of H2 is 2.3.232.
2026.06.09 14:09:50 INFO  Shutting down server
2026.06.09 14:09:50 INFO  Memory monitor stopped
2026.06.09 14:09:50 INFO  shutting down Metals
2026.06.09 14:09:50 INFO  Exiting server
2026.06.09 14:09:50 ERROR Unexpected error initializing server: 
org.eclipse.lsp4j.jsonrpc.ResponseErrorException: Request window/showMessageRequest failed with message: Canceled
	at org.eclipse.lsp4j.jsonrpc.RemoteEndpoint.handleResponse(RemoteEndpoint.java:214)
	at org.eclipse.lsp4j.jsonrpc.RemoteEndpoint.consume(RemoteEndpoint.java:198)
	at org.eclipse.lsp4j.jsonrpc.json.StreamMessageProducer.handleMessage(StreamMessageProducer.java:189)
	at org.eclipse.lsp4j.jsonrpc.json.StreamMessageProducer.listen(StreamMessageProducer.java:97)
	at org.eclipse.lsp4j.jsonrpc.json.ConcurrentMessageProcessor.run(ConcurrentMessageProcessor.java:97)
	at java.util.concurrent.Executors$RunnableAdapter.call(Executors.java:539)
	at java.util.concurrent.FutureTask.run(FutureTask.java:264)
	at java.util.concurrent.ThreadPoolExecutor.runWorker(ThreadPoolExecutor.java:1136)
	at java.util.concurrent.ThreadPoolExecutor$Worker.run(ThreadPoolExecutor.java:635)
	at java.lang.Thread.run(Thread.java:842)

