2025-03-21 20:48:26 [main] INFO  org.example.Intro.Producer - Initialize Kafka Producer Properties
2025-03-21 20:48:27 [main] INFO  org.example.Intro.Producer - Kafka Producer Job Is Running...
2025-03-21 20:48:28 [main] INFO  org.example.Intro.Producer - Kafka Producer Job Is Complete...
2025-03-21 20:48:28 [main] INFO  org.example.Intro.Producer - Kafka Producer Terminate...
2025-03-22 07:20:44 [main] INFO  org.example.Intro.Producer - Initialize Kafka Producer Properties
2025-03-22 07:24:55 [main] INFO  org.example.Intro.Producer - Initialize Kafka Producer Properties
2025-03-22 07:24:55 [main] INFO  org.example.Intro.Producer - Kafka Producer Job Is Running...
2025-03-22 07:24:56 [main] INFO  org.example.Intro.Producer - Kafka Producer Job Is Complete...
2025-03-22 07:24:57 [main] INFO  org.example.Intro.Producer - Kafka Producer Terminate...
2025-04-01 16:48:25 [main] INFO  org.example.consumercooporative.ConsumerCooperative - this is info
2025-04-01 16:48:25 [main] WARN  org.example.consumercooporative.ConsumerCooperative - this is warning
2025-04-01 16:48:25 [main] ERROR org.example.consumercooporative.ConsumerCooperative - this is error
2025-04-01 22:24:49 [main] INFO  org.example.consumercooperative.ConsumerCooperative - Initialize Kafka Consumer Config...
2025-04-01 22:24:49 [main] INFO  org.example.consumercooperative.ConsumerCooperative - Kafka Consumer is running...
2025-04-01 22:24:50 [main] INFO  org.example.consumercooperative.ConsumerCooperative - Kafka Job is Started...
2025-04-01 22:24:54 [main] INFO  org.example.consumercooperative.ConsumerCooperative - key => Ford | value => Mustang
2025-04-01 22:24:54 [main] INFO  org.example.consumercooperative.ConsumerCooperative - key => Mercedes | value => C-Class
2025-04-01 22:24:54 [main] INFO  org.example.consumercooperative.ConsumerCooperative - key => Honda | value => Civic
2025-04-01 22:24:54 [main] INFO  org.example.consumercooperative.ConsumerCooperative - key => Nissan | value => Altima
2025-04-01 22:24:54 [main] INFO  org.example.consumercooperative.ConsumerCooperative - key => Hyundai | value => Elantra
2025-04-01 22:24:54 [main] INFO  org.example.consumercooperative.ConsumerCooperative - key => Toyota | value => Corolla
2025-04-01 22:24:54 [main] INFO  org.example.consumercooperative.ConsumerCooperative - key => Audi | value => A4
2025-04-01 22:24:54 [main] INFO  org.example.consumercooperative.ConsumerCooperative - key => BMW | value => X5
2025-04-01 22:24:54 [main] INFO  org.example.consumercooperative.ConsumerCooperative - key => Kia | value => Sportage
2025-04-01 22:24:54 [main] INFO  org.example.consumercooperative.ConsumerCooperative - key => Chevrolet | value => Camaro
2025-04-01 22:30:15 [main] INFO  org.example.consumercooperative.ConsumerCooperative - Consumer is Strating to Shutdown...
2025-04-01 22:31:47 [main] INFO  org.example.consumercooperative.ConsumerCooperative - Initialize Kafka Consumer Config...
2025-04-01 22:31:47 [main] INFO  org.example.consumercooperative.ConsumerCooperative - Kafka Consumer is running...
2025-04-01 22:31:50 [main] INFO  org.example.consumercooperative.ConsumerCooperative - Kafka Job is Started...
2025-04-01 22:32:39 [Thread-0] INFO  org.example.consumercooperative.ConsumerCooperative - Detect Shutdown, consumer.wakeup() is Started...
2025-04-01 22:35:09 [main] INFO  org.example.consumercooperative.ConsumerCooperative - Initialize Kafka Consumer Config...
2025-04-01 22:35:09 [main] INFO  org.example.consumercooperative.ConsumerCooperative - Kafka Consumer is running...
2025-04-01 22:35:10 [main] INFO  org.example.consumercooperative.ConsumerCooperative - Kafka Job is Started...
2025-04-01 22:35:11 [main] INFO  org.example.consumercooperative.ConsumerCooperative - key => Ford | value => Mustang
2025-04-01 22:35:11 [main] INFO  org.example.consumercooperative.ConsumerCooperative - key => Mercedes | value => C-Class
2025-04-01 22:35:11 [main] INFO  org.example.consumercooperative.ConsumerCooperative - key => Honda | value => Civic
2025-04-01 22:35:11 [main] INFO  org.example.consumercooperative.ConsumerCooperative - key => Nissan | value => Altima
2025-04-01 22:35:11 [main] INFO  org.example.consumercooperative.ConsumerCooperative - key => Hyundai | value => Elantra
2025-04-01 22:35:11 [main] INFO  org.example.consumercooperative.ConsumerCooperative - key => Toyota | value => Corolla
2025-04-01 22:35:11 [main] INFO  org.example.consumercooperative.ConsumerCooperative - key => Audi | value => A4
2025-04-01 22:35:11 [main] INFO  org.example.consumercooperative.ConsumerCooperative - key => BMW | value => X5
2025-04-01 22:35:11 [main] INFO  org.example.consumercooperative.ConsumerCooperative - key => Kia | value => Sportage
2025-04-01 22:35:11 [main] INFO  org.example.consumercooperative.ConsumerCooperative - key => Chevrolet | value => Camaro
2025-04-01 22:36:08 [Thread-0] INFO  org.example.consumercooperative.ConsumerCooperative - Detect Shutdown, consumer.wakeup() is Started...
2025-04-01 22:37:41 [main] INFO  org.example.consumercooperative.ConsumerCooperative - Initialize Kafka Consumer Config...
2025-04-01 22:37:41 [main] INFO  org.example.consumercooperative.ConsumerCooperative - Kafka Consumer is running...
2025-04-01 22:37:42 [main] INFO  org.example.consumercooperative.ConsumerCooperative - Kafka Job is Started...
2025-04-01 22:37:44 [main] INFO  org.example.consumercooperative.ConsumerCooperative - key => Ford | value => Mustang
2025-04-01 22:37:44 [main] INFO  org.example.consumercooperative.ConsumerCooperative - key => Mercedes | value => C-Class
2025-04-01 22:37:44 [main] INFO  org.example.consumercooperative.ConsumerCooperative - key => Honda | value => Civic
2025-04-01 22:37:44 [main] INFO  org.example.consumercooperative.ConsumerCooperative - key => Nissan | value => Altima
2025-04-01 22:37:44 [main] INFO  org.example.consumercooperative.ConsumerCooperative - key => Hyundai | value => Elantra
2025-04-01 22:37:44 [main] INFO  org.example.consumercooperative.ConsumerCooperative - key => Toyota | value => Corolla
2025-04-01 22:37:44 [main] INFO  org.example.consumercooperative.ConsumerCooperative - key => Audi | value => A4
2025-04-01 22:37:44 [main] INFO  org.example.consumercooperative.ConsumerCooperative - key => BMW | value => X5
2025-04-01 22:37:44 [main] INFO  org.example.consumercooperative.ConsumerCooperative - key => Kia | value => Sportage
2025-04-01 22:37:44 [main] INFO  org.example.consumercooperative.ConsumerCooperative - key => Chevrolet | value => Camaro
2025-04-01 22:37:50 [Thread-0] INFO  org.example.consumercooperative.ConsumerCooperative - Detect Shutdown, consumer.wakeup() is Started...
2025-04-01 22:41:49 [main] INFO  org.example.consumercooperative.ConsumerCooperative - Initialize Kafka Consumer Config...
2025-04-01 22:41:49 [main] INFO  org.example.consumercooperative.ConsumerCooperative - Kafka Consumer is running...
2025-04-01 22:41:49 [main] INFO  org.example.consumercooperative.ConsumerCooperative - Kafka Job is Started...
2025-04-01 22:41:58 [Thread-0] INFO  org.example.consumercooperative.ConsumerCooperative - Detect Shutdown, consumer.wakeup() is Started...
2025-04-01 22:41:58 [main] INFO  org.example.consumercooperative.ConsumerCooperative - Consumer is Strating to Shutdown...
2025-05-19 13:53:27 [main] INFO  org.example.consumercooperative.ConsumerCooperative - Initialize Kafka Consumer Config...
2025-05-19 13:53:27 [main] INFO  org.example.consumercooperative.ConsumerCooperative - Kafka Consumer is running...
2025-05-19 13:53:28 [main] INFO  org.example.consumercooperative.ConsumerCooperative - Kafka Job is Started...
2025-05-19 13:54:41 [Thread-0] INFO  org.example.consumercooperative.ConsumerCooperative - Detect Shutdown, consumer.wakeup() is Started...
2025-05-19 13:54:41 [main] INFO  org.example.consumercooperative.ConsumerCooperative - Consumer is Strating to Shutdown...
2025-05-19 13:55:24 [main] INFO  org.example.consumercooperative.ConsumerCooperative - Initialize Kafka Consumer Config...
2025-05-19 13:55:24 [main] INFO  org.example.consumercooperative.ConsumerCooperative - Kafka Consumer is running...
2025-05-19 13:55:24 [main] INFO  org.example.consumercooperative.ConsumerCooperative - Kafka Job is Started...
2025-05-19 13:55:25 [main] INFO  org.example.consumercooperative.ConsumerCooperative - key => Nissan | value => Altima
2025-05-19 13:55:25 [main] INFO  org.example.consumercooperative.ConsumerCooperative - key => Hyundai | value => Elantra
2025-05-19 13:55:25 [main] INFO  org.example.consumercooperative.ConsumerCooperative - key => Toyota | value => Corolla
2025-05-19 13:55:25 [main] INFO  org.example.consumercooperative.ConsumerCooperative - key => Kia | value => Sportage
2025-05-19 13:55:25 [main] INFO  org.example.consumercooperative.ConsumerCooperative - key => Chevrolet | value => Camaro
2025-05-19 13:55:25 [main] INFO  org.example.consumercooperative.ConsumerCooperative - key => Mercedes | value => C-Class
2025-05-19 13:55:25 [main] INFO  org.example.consumercooperative.ConsumerCooperative - key => Audi | value => A4
2025-05-19 13:55:25 [main] INFO  org.example.consumercooperative.ConsumerCooperative - key => Ford | value => Mustang
2025-05-19 13:55:25 [main] INFO  org.example.consumercooperative.ConsumerCooperative - key => Honda | value => Civic
2025-05-19 13:55:25 [main] INFO  org.example.consumercooperative.ConsumerCooperative - key => BMW | value => X5
2025-05-19 13:55:45 [Thread-0] INFO  org.example.consumercooperative.ConsumerCooperative - Detect Shutdown, consumer.wakeup() is Started...
2025-05-19 13:55:45 [main] INFO  org.example.consumercooperative.ConsumerCooperative - Consumer is Strating to Shutdown...
2025-05-19 13:56:19 [main] INFO  org.example.consumercooperative.ConsumerCooperative - Initialize Kafka Consumer Config...
2025-05-19 13:56:19 [main] INFO  org.example.consumercooperative.ConsumerCooperative - Kafka Consumer is running...
2025-05-19 13:56:19 [main] INFO  org.example.consumercooperative.ConsumerCooperative - Kafka Job is Started...
2025-05-19 13:56:24 [Thread-0] INFO  org.example.consumercooperative.ConsumerCooperative - Detect Shutdown, consumer.wakeup() is Started...
2025-05-23 12:23:23 [Thread-0] INFO  org.intermediate.DeliveryGuarantee.AtLeastOnceCommitAsync - Detect Shutdown... consumer.wakeup() is Running...
2025-08-07 11:32:15 [main] INFO  org.beginner.RememberMeProducer - Hello World
2025-08-08 11:12:17 [kafka-producer-network-thread | producer-1] INFO  org.beginner.RememberMeProducer - Sent = Chevrolet value = Camaro to partition = 0
2025-08-08 11:12:17 [kafka-producer-network-thread | producer-1] INFO  org.beginner.RememberMeProducer - Sent = Kia value = Sportage to partition = 0
2025-08-08 11:12:17 [kafka-producer-network-thread | producer-1] INFO  org.beginner.RememberMeProducer - Sent = BMW value = X5 to partition = 0
2025-08-08 11:12:17 [kafka-producer-network-thread | producer-1] INFO  org.beginner.RememberMeProducer - Sent = Audi value = A4 to partition = 0
2025-08-08 11:12:17 [kafka-producer-network-thread | producer-1] INFO  org.beginner.RememberMeProducer - Sent = Toyota value = Corolla to partition = 0
2025-08-08 11:12:17 [kafka-producer-network-thread | producer-1] INFO  org.beginner.RememberMeProducer - Sent = Hyundai value = Elantra to partition = 1
2025-08-08 11:12:17 [kafka-producer-network-thread | producer-1] INFO  org.beginner.RememberMeProducer - Sent = Nissan value = Altima to partition = 1
2025-08-08 11:12:17 [kafka-producer-network-thread | producer-1] INFO  org.beginner.RememberMeProducer - Sent = Honda value = Civic to partition = 1
2025-08-08 11:12:17 [kafka-producer-network-thread | producer-1] INFO  org.beginner.RememberMeProducer - Sent = Mercedes value = C-Class to partition = 1
2025-08-08 11:12:17 [kafka-producer-network-thread | producer-1] INFO  org.beginner.RememberMeProducer - Sent = Ford value = Mustang to partition = 1
