2025-06-01 06:36:11 [main] INFO  ProducerSide - Transaction started for processing 0 records
2025-06-01 06:36:11 [main] INFO  ProducerSide - Committing offsets as part of transaction: {}
2025-06-01 06:36:11 [main] INFO  ProducerSide - Transaction committed successfully.
2025-06-01 06:36:11 [main] INFO  ProducerSide - Shutting down producer.

2025-06-01 06:43:40 [main] INFO  ProducerSide - Transaction started for processing 10 records
2025-06-01 06:43:40 [main] INFO  ProducerSide - Producing transformed record to [cars-showroom] - Key: Mercedes, New Value: c-class
2025-06-01 06:43:40 [main] INFO  ProducerSide - Success Send Data [Mercedes:C-Class]
2025-06-01 06:43:40 [main] INFO  ProducerSide - Producing transformed record to [cars-showroom] - Key: Ford, New Value: mustang
2025-06-01 06:43:40 [main] INFO  ProducerSide - Success Send Data [Ford:Mustang]
2025-06-01 06:43:40 [main] INFO  ProducerSide - Producing transformed record to [cars-showroom] - Key: Hyundai, New Value: elantra
2025-06-01 06:43:40 [main] INFO  ProducerSide - Success Send Data [Hyundai:Elantra]
2025-06-01 06:43:40 [main] INFO  ProducerSide - Producing transformed record to [cars-showroom] - Key: Nissan, New Value: altima
2025-06-01 06:43:40 [main] INFO  ProducerSide - Success Send Data [Nissan:Altima]
2025-06-01 06:43:40 [main] INFO  ProducerSide - Producing transformed record to [cars-showroom] - Key: Honda, New Value: civic
2025-06-01 06:43:40 [main] INFO  ProducerSide - Success Send Data [Honda:Civic]
2025-06-01 06:43:40 [main] INFO  ProducerSide - Producing transformed record to [cars-showroom] - Key: Audi, New Value: a4
2025-06-01 06:43:40 [main] INFO  ProducerSide - Success Send Data [Audi:A4]
2025-06-01 06:43:40 [main] INFO  ProducerSide - Producing transformed record to [cars-showroom] - Key: Toyota, New Value: corolla
2025-06-01 06:43:40 [main] INFO  ProducerSide - Success Send Data [Toyota:Corolla]
2025-06-01 06:43:40 [main] INFO  ProducerSide - Producing transformed record to [cars-showroom] - Key: Chevrolet, New Value: camaro
2025-06-01 06:43:40 [main] INFO  ProducerSide - Success Send Data [Chevrolet:Camaro]
2025-06-01 06:43:40 [main] INFO  ProducerSide - Producing transformed record to [cars-showroom] - Key: Kia, New Value: sportage
2025-06-01 06:43:40 [main] INFO  ProducerSide - Success Send Data [Kia:Sportage]
2025-06-01 06:43:40 [main] INFO  ProducerSide - Producing transformed record to [cars-showroom] - Key: BMW, New Value: x5
2025-06-01 06:43:40 [main] INFO  ProducerSide - Success Send Data [BMW:X5]
2025-06-01 06:43:40 [main] INFO  ProducerSide - Committing offsets as part of transaction: {cars-1=OffsetAndMetadata{offset=5, leaderEpoch=null, metadata=''}, cars-0=OffsetAndMetadata{offset=5, leaderEpoch=null, metadata=''}}
2025-06-01 06:43:40 [main] INFO  ProducerSide - Transaction committed successfully.
2025-06-01 06:43:40 [main] INFO  ProducerSide - Shutting down producer.

